START TRAIN modality=M seed=42 2026-09-11T23:28:10+08:00
START TEST modality=M seed=42 2026-09-11T23:30:40+08:00
DONE modality=M seed=42 2026-09-11T23:31:41+08:00
START TRAIN modality=M seed=3407 2026-09-11T23:31:41+08:00
START TEST modality=M seed=3407 2026-09-11T23:34:12+08:00
DONE modality=M seed=3407 2026-09-11T23:34:20+08:00
START TRAIN modality=M seed=2026 2026-09-11T23:34:20+08:00
START TEST modality=M seed=2026 2026-09-11T23:37:01+08:00
DONE modality=M seed=2026 2026-09-11T23:37:09+08:00
START TRAIN modality=MB seed=42 2026-09-11T23:37:09+08:00
START TEST modality=MB seed=42 2026-09-11T23:39:46+08:00
DONE modality=MB seed=42 2026-09-11T23:39:54+08:00
START TRAIN modality=MB seed=3407 2026-09-11T23:39:54+08:00
START TEST modality=MB seed=3407 2026-09-11T23:42:41+08:00
DONE modality=MB seed=3407 2026-09-11T23:42:49+08:00
START TRAIN modality=MB seed=2026 2026-09-11T23:42:49+08:00
START TEST modality=MB seed=2026 2026-09-11T23:45:18+08:00
DONE modality=MB seed=2026 2026-09-11T23:45:26+08:00
START TRAIN modality=MP seed=42 2026-09-11T23:45:26+08:00
START TEST modality=MP seed=42 2026-09-11T23:47:55+08:00
DONE modality=MP seed=42 2026-09-11T23:48:03+08:00
START TRAIN modality=MP seed=3407 2026-09-11T23:48:03+08:00
START TEST modality=MP seed=3407 2026-09-11T23:50:31+08:00
DONE modality=MP seed=3407 2026-09-11T23:50:39+08:00
START TRAIN modality=MP seed=2026 2026-09-11T23:50:39+08:00
START TEST modality=MP seed=2026 2026-09-11T23:53:09+08:00
DONE modality=MP seed=2026 2026-09-11T23:53:16+08:00
START TRAIN modality=MR seed=42 2026-09-11T23:53:16+08:00
START TEST modality=MR seed=42 2026-09-11T23:55:46+08:00
DONE modality=MR seed=42 2026-09-11T23:55:54+08:00
START TRAIN modality=MR seed=3407 2026-09-11T23:55:54+08:00
START TEST modality=MR seed=3407 2026-09-11T23:58:27+08:00
DONE modality=MR seed=3407 2026-09-11T23:58:34+08:00
START TRAIN modality=MR seed=2026 2026-09-11T23:58:34+08:00
START TEST modality=MR seed=2026 2026-09-12T00:01:06+08:00
DONE modality=MR seed=2026 2026-09-12T00:01:14+08:00
START TRAIN modality=MUV seed=42 2026-09-12T00:01:14+08:00
START TEST modality=MUV seed=42 2026-09-12T00:03:44+08:00
DONE modality=MUV seed=42 2026-09-12T00:03:52+08:00
START TRAIN modality=MUV seed=3407 2026-09-12T00:03:52+08:00
START TEST modality=MUV seed=3407 2026-09-12T00:06:23+08:00
DONE modality=MUV seed=3407 2026-09-12T00:06:31+08:00
START TRAIN modality=MUV seed=2026 2026-09-12T00:06:31+08:00
START TEST modality=MUV seed=2026 2026-09-12T00:09:05+08:00
DONE modality=MUV seed=2026 2026-09-12T00:09:13+08:00
REPORT_DONE 2026-09-12T00:09:15+08:00
